\BOOKMARK [0][]{thuchapter.1.0}{\376\377\144\130\211\201}{}% 1
\BOOKMARK [0][]{thuchapter.2.0}{\376\377\000A\000b\000s\000t\000r\000a\000c\000t}{}% 2
\BOOKMARK [0][]{thuchapter.3.0}{\376\377\166\356\137\125}{}% 3
\BOOKMARK [0][]{chapter.1}{\376\377\173\054\0001\172\340\000\040\176\352\213\272\377\010\213\376\230\230\200\314\146\157\060\001\163\260\162\266\377\011}{}% 4
\BOOKMARK [1][-]{section.1.1}{\376\377\0001\000.\0001\000\040\213\376\230\230\200\314\146\157}{chapter.1}% 5
\BOOKMARK [1][-]{section.1.2}{\376\377\0001\000.\0002\000\040\126\375\121\205\131\026\163\260\162\266}{chapter.1}% 6
\BOOKMARK [1][-]{section.1.3}{\376\377\0001\000.\0003\000\040\213\376\230\230\225\356\230\230\133\232\116\111}{chapter.1}% 7
\BOOKMARK [1][-]{section.1.4}{\376\377\0001\000.\0004\000\040\147\054\145\207\176\323\147\204}{chapter.1}% 8
\BOOKMARK [0][]{chapter.2}{\376\377\173\054\0002\172\340\000\040\166\370\121\163\142\200\147\057\377\010\174\373\176\337\117\177\165\050\142\200\147\057\116\313\176\315\377\011}{}% 9
\BOOKMARK [1][-]{section.2.1}{\376\377\0002\000.\0001\000\040\000D\000o\000c\000k\000e\000r\000\040\000A\000R\000M\0006\0004\000\040\133\236\232\214\163\257\130\203}{chapter.2}% 10
\BOOKMARK [1][-]{section.2.2}{\376\377\0002\000.\0002\000\040\000H\000D\000F\000S\000\040\116\016\000\040\000Y\000A\000R\000N}{chapter.2}% 11
\BOOKMARK [1][-]{section.2.3}{\376\377\0002\000.\0003\000\040\000S\000p\000a\000r\000k\000\040\000S\000Q\000L\060\001\000R\000D\000D\000\040\116\016\000\040\000A\000Q\000E}{chapter.2}% 12
\BOOKMARK [1][-]{section.2.4}{\376\377\0002\000.\0004\000\040\000P\000a\000r\000q\000u\000e\000t\000\040\116\016\145\160\143\156\136\003\134\100}{chapter.2}% 13
\BOOKMARK [1][-]{section.2.5}{\376\377\0002\000.\0005\000\040\121\205\133\130\117\030\123\026\116\016\145\160\143\156\120\076\145\234\143\247\122\066}{chapter.2}% 14
\BOOKMARK [1][-]{section.2.6}{\376\377\0002\000.\0006\000\040\000F\000l\000a\000s\000k\000\040\000A\000P\000I\000\040\116\016\000\040\000R\000e\000a\000c\000t\000\040\000O\000p\000s\000\040\230\165\227\142}{chapter.2}% 15
\BOOKMARK [0][]{chapter.3}{\376\377\173\054\0003\172\340\000\040\227\000\154\102\122\006\147\220\377\010\213\276\213\241\166\356\150\007\377\011}{}% 16
\BOOKMARK [1][-]{section.3.1}{\376\377\0003\000.\0001\000\040\140\073\117\123\166\356\150\007}{chapter.3}% 17
\BOOKMARK [1][-]{section.3.2}{\376\377\0003\000.\0002\000\040\122\237\200\375\227\000\154\102}{chapter.3}% 18
\BOOKMARK [2][-]{subsection.3.2.1}{\376\377\0003\000.\0002\000.\0001\000\040\145\160\143\156\131\004\164\006\122\237\200\375}{section.3.2}% 19
\BOOKMARK [2][-]{subsection.3.2.2}{\376\377\0003\000.\0002\000.\0002\000\040\226\306\177\244\217\320\210\114\122\237\200\375}{section.3.2}% 20
\BOOKMARK [2][-]{subsection.3.2.3}{\376\377\0003\000.\0002\000.\0003\000\040\217\320\176\364\134\125\171\072\122\237\200\375}{section.3.2}% 21
\BOOKMARK [1][-]{section.3.3}{\376\377\0003\000.\0003\000\040\227\136\122\237\200\375\227\000\154\102}{chapter.3}% 22
\BOOKMARK [2][-]{subsection.3.3.1}{\376\377\0003\000.\0003\000.\0001\000\040\147\266\147\204\121\174\133\271\140\047}{section.3.3}% 23
\BOOKMARK [2][-]{subsection.3.3.2}{\376\377\0003\000.\0003\000.\0002\000\040\121\205\133\130\172\063\133\232\140\047}{section.3.3}% 24
\BOOKMARK [2][-]{subsection.3.3.3}{\376\377\0003\000.\0003\000.\0003\000\040\213\301\143\156\123\357\217\375\156\257\140\047}{section.3.3}% 25
\BOOKMARK [1][-]{section.3.4}{\376\377\0003\000.\0004\000\040\133\236\232\214\213\276\213\241}{chapter.3}% 26
\BOOKMARK [1][-]{section.3.5}{\376\377\0003\000.\0005\000\040\232\214\145\066\143\007\150\007}{chapter.3}% 27
\BOOKMARK [1][-]{section.3.6}{\376\377\0003\000.\0006\000\040\145\160\143\156\156\005\164\006\227\000\154\102}{chapter.3}% 28
\BOOKMARK [0][]{chapter.4}{\376\377\173\054\0004\172\340\000\040\174\373\176\337\213\276\213\241\116\016\133\236\163\260\377\010\133\236\163\260\153\145\232\244\142\052\126\376\060\001\163\257\130\203\133\211\210\305\060\001\116\343\170\001\133\236\163\260\377\011}{}% 29
\BOOKMARK [1][-]{section.4.1}{\376\377\0004\000.\0001\000\040\140\073\117\123\147\266\147\204}{chapter.4}% 30
\BOOKMARK [1][-]{section.4.2}{\376\377\0004\000.\0002\000\040\163\257\130\203\133\211\210\305\116\016\124\057\122\250\153\145\232\244}{chapter.4}% 31
\BOOKMARK [2][-]{subsection.4.2.1}{\376\377\0004\000.\0002\000.\0001\000\040\000A\000R\000M\0006\0004\000\040\000H\000a\000d\000o\000o\000p\000\040\225\134\120\317\147\204\136\372}{section.4.2}% 32
\BOOKMARK [2][-]{subsection.4.2.2}{\376\377\0004\000.\0002\000.\0002\000\040\000D\000o\000c\000k\000e\000r\000\040\000C\000o\000m\000p\000o\000s\000e\000\040\124\057\122\250}{section.4.2}% 33
\BOOKMARK [2][-]{subsection.4.2.3}{\376\377\0004\000.\0002\000.\0003\000\040\000H\000D\000F\000S\000\040\166\356\137\125\121\306\131\007}{section.4.2}% 34
\BOOKMARK [1][-]{section.4.3}{\376\377\0004\000.\0003\000\040\000S\000p\000a\000r\000k\000\040\143\320\116\244\224\376\215\357\133\236\163\260}{chapter.4}% 35
\BOOKMARK [2][-]{subsection.4.3.1}{\376\377\0004\000.\0003\000.\0001\000\040\000Y\000A\000R\000N\000\040\000c\000l\000i\000e\000n\000t\000\040\221\115\177\156}{section.4.3}% 36
\BOOKMARK [2][-]{subsection.4.3.2}{\376\377\0004\000.\0003\000.\0002\000\040\143\320\116\244\201\032\147\054}{section.4.3}% 37
\BOOKMARK [2][-]{subsection.4.3.3}{\376\377\0004\000.\0003\000.\0003\000\040\000Y\000A\000R\000N\000\040\000c\000l\000u\000s\000t\000e\000r\000\040\000m\000o\000d\000e\000\040\121\145\123\343}{section.4.3}% 38
\BOOKMARK [1][-]{section.4.4}{\376\377\0004\000.\0004\000\040\150\070\137\303\173\227\154\325\116\016\121\205\133\130\117\030\123\026\133\236\163\260}{chapter.4}% 39
\BOOKMARK [2][-]{subsection.4.4.1}{\376\377\0004\000.\0004\000.\0001\000\040\171\201\153\142\000\040\000f\000u\000l\000l\000\040\000c\000o\000l\000l\000e\000c\000t}{section.4.4}% 40
\BOOKMARK [2][-]{subsection.4.4.2}{\376\377\0004\000.\0004\000.\0002\000\040\000W\000i\000n\000d\000o\000w\000E\000x\000e\000c\000\040\213\146\124\112\117\030\123\026}{section.4.4}% 41
\BOOKMARK [2][-]{subsection.4.4.3}{\376\377\0004\000.\0004\000.\0003\000\040\121\163\200\124\122\006\147\220\176\304\124\010\201\250\200\300\143\247\122\066}{section.4.4}% 42
\BOOKMARK [2][-]{subsection.4.4.4}{\376\377\0004\000.\0004\000.\0004\000\040\000P\000a\000r\000q\000u\000e\000t\000\040\156\005\155\027\134\102}{section.4.4}% 43
\BOOKMARK [1][-]{section.4.5}{\376\377\0004\000.\0005\000\040\122\115\172\357\000\040\000O\000p\000s\000\040\230\165\133\236\163\260}{chapter.4}% 44
\BOOKMARK [1][-]{section.4.6}{\376\377\0004\000.\0006\000\040\145\347\145\160\143\156\156\005\164\006\133\236\163\260}{chapter.4}% 45
\BOOKMARK [1][-]{section.4.7}{\376\377\0004\000.\0007\000\040\133\236\232\214\176\323\147\234}{chapter.4}% 46
\BOOKMARK [2][-]{subsection.4.7.1}{\376\377\0004\000.\0007\000.\0001\000\040\000B\000e\000n\000c\000h\000m\000a\000r\000k\000\040\133\371\161\147\210\150}{section.4.7}% 47
\BOOKMARK [2][-]{subsection.4.7.2}{\376\377\0004\000.\0007\000.\0002\000\040\000S\000p\000a\000r\000k\000\040\000H\000i\000s\000t\000o\000r\000y\000\040\143\007\150\007}{section.4.7}% 48
\BOOKMARK [2][-]{subsection.4.7.3}{\376\377\0004\000.\0007\000.\0003\000\040\121\170\127\213\152\041\127\127\000\040\000B\000e\000n\000c\000h\000m\000a\000r\000k}{section.4.7}% 49
\BOOKMARK [2][-]{subsection.4.7.4}{\376\377\0004\000.\0007\000.\0004\000\040\176\323\147\234\122\006\147\220}{section.4.7}% 50
\BOOKMARK [2][-]{subsection.4.7.5}{\376\377\0004\000.\0007\000.\0005\000\040\133\236\232\214\176\323\213\272}{section.4.7}% 51
\BOOKMARK [0][]{chapter.5}{\376\377\173\054\0005\172\340\000\040\201\364\214\042}{}% 52
\BOOKMARK [0][]{section*.18}{\376\377\123\302\200\003\145\207\163\056}{}% 53
